// Jest Snapshot v1, https://goo.gl/fbAQLP

exports[`<T /> should render and match the snapshot 1`] = `
<Text
  testID="t"
/>
`;
