// Jest Snapshot v1, https://goo.gl/fbAQLP

exports[`<SimpsonsLoveWednesday /> Should render and match the snapshot 1`] = `
Array [
  <View>
    <View
      style={
        Object {
          "height": 150,
          "marginBottom": 25,
          "width": "100%",
        }
      }
    >
      <Image
        resizeMode="contain"
        source={
          Object {
            "testUri": "../../../app/assets/images/wednesday-logo.png",
          }
        }
        style={
          Object {
            "alignSelf": "center",
            "height": "100%",
            "width": "100%",
          }
        }
      />
    </View>
    <Text
      style={
        Array [
          Object {
            "fontSize": 17,
            "fontStyle": "italic",
            "fontWeight": "normal",
            "marginBottom": 5,
            "textAlign": "center",
          },
        ]
      }
    />
  </View>,
  <View
    style={
      Array [
        Object {},
      ]
    }
  >
    <Text
      style={
        Array [
          Object {
            "fontSize": 17,
            "fontWeight": "normal",
            "marginBottom": 5,
            "textAlign": "center",
          },
        ]
      }
    >
      character loves Wednesday
    </Text>
    <Text
      style={
        Array [
          Object {
            "fontSize": 17,
            "fontWeight": "normal",
            "marginBottom": 5,
            "textAlign": "center",
          },
        ]
      }
    >
      because
    </Text>
    <Image
      resizeMode="contain"
      source={
        Object {
          "uri": undefined,
        }
      }
      style={
        Array [
          Object {
            "height": 80,
            "marginBottom": 0,
            "marginLeft": "auto",
            "marginRight": "auto",
            "marginTop": 0,
            "width": 80,
          },
        ]
      }
      testID="character-image"
    />
    <Text
      style={
        Array [
          Object {
            "fontSize": 17,
            "fontWeight": "normal",
            "marginBottom": 5,
            "textAlign": "center",
          },
        ]
      }
    />
  </View>,
]
`;
